0000000000000000000000000000000000000000000000000000000000000003
0000000000000000000000000000000000000000000000000000000000000002
