8e38e38e38e38e38e38e38e38e38e38e38e38e38e38e38e38e38e38e38e38e39
