0000000000000000000000000000000000000000000000000000000000000007
0000000000000000000000000000000000000000000000000000000000000008
