Execution time limit reached for file ../programs/solidity_yulInterpreterTests_89b73b6_v0.8.26//infinite_recursion.yul
