0000000000000000000b00000000000000000000000000000000000000000000
